// Jest Snapshot v1, https://goo.gl/fbAQLP

exports[`ArtistListItem component renders ArtistListItem 1`] = `
<DocumentFragment>
  Michael Jackson
  <div />
</DocumentFragment>
`;
